// Jest Snapshot v1, https://goo.gl/fbAQLP

exports[`envDecorator reads the conventionally-implied env var and stores both raw and typed representations thereof 1`] = `
SomeString {
  "key": "SOME_STRING",
  "source": "process.env",
  "typedValue": "asdf",
  "value": "asdf",
}
`;

exports[`envDecorator reads the conventionally-implied env var and stores both raw and typed representations thereof 2`] = `
SomeNumber {
  "key": "SOME_NUMBER",
  "source": "process.env",
  "typedValue": 337,
  "value": "337",
}
`;

exports[`envDecorator reads the conventionally-implied env var and stores both raw and typed representations thereof 3`] = `
SomeBool {
  "key": "SOME_BOOL",
  "source": "process.env",
  "typedValue": false,
  "value": "false",
}
`;

exports[`envDecorator reads the conventionally-implied env var and stores both raw and typed representations thereof 4`] = `
OtherBool {
  "key": "OTHER_BOOL",
  "source": "process.env",
  "typedValue": true,
  "value": "true",
}
`;

exports[`envDecorator reads the conventionally-implied env var and stores both raw and typed representations thereof 5`] = `
SomeDate {
  "key": "SOME_DATE",
  "source": "process.env",
  "typedValue": 2020-12-20T11:31:41.378Z,
  "value": "2020-12-20T11:31:41.378Z",
}
`;
